---
source: src/parser.rs
expression: "parse(\"not False\")"

---
Input:

not False

Result:

Node {
    start: 0,
    end: 9,
    line: 1,
    column: 0,
    value: Expression_ {
        typ: RefCell {
            value: None,
        },
        expr: Unary(
            Node {
                start: 0,
                end: 3,
                line: 1,
                column: 0,
                value: Not,
            },
            Node {
                start: 4,
                end: 9,
                line: 1,
                column: 4,
                value: Expression_ {
                    typ: RefCell {
                        value: None,
                    },
                    expr: Bool(
                        false,
                    ),
                },
            },
        ),
    },
}
