---
source: src/parser.rs
assertion_line: 2169
expression: "parse(\"\\\"\\n\\\"\")"
---
Input:

"
"

Result:

Node {
    start: Index(
        0,
    ),
    end: Index(
        0,
    ),
    value: Expression_ {
        typ: RefCell {
            value: None,
        },
        expr: String_(
            SymbolU32 {
                value: 1,
            },
        ),
    },
}
