---
source: src/parser.rs
expression: "parse(\"\\\"ðŸ˜„\\\"\")"

---
Input:

"ðŸ˜„"

Result:

Node {
    start: 0,
    end: 6,
    line: 1,
    column: 0,
    value: Expression_ {
        typ: RefCell {
            value: None,
        },
        expr: String_(
            SymbolU32 {
                value: 1,
            },
        ),
    },
}
