---
source: src/infer.rs
expression: "infer(\".name\")"

---
Input:

.name

---
Output:

{ a | name : b } -> b
