---
source: src/infer.rs
assertion_line: 1964
expression: "infer(\"\nmodule Test exposing (a)\n\na = 1\n\nb = 2\n           \")"

---
Input:


module Test exposing (a)

a = 1

b = 2
           

---
Output:

module Test

a : ∀ ∅ . Float
