---
source: src/infer.rs
assertion_line: 2585
expression: "infer(\"\\\nmodule User exposing (new)\n\nimport User.Attributes\nimport User.Attributes.Id\n\nnew = { id = User.Attributes.Id.new }\n\nmodule User.Attributes\n    module User.Attributes.Id exposing (new)\n        new = 42\n\")"
---
Input:

module User exposing (new)

import User.Attributes
import User.Attributes.Id

new = { id = User.Attributes.Id.new }

module User.Attributes
    module User.Attributes.Id exposing (new)
        new = 42


---
Output:

module Alma



False : ∀ ∅ . Bool

True : ∀ ∅ . Bool



add : ∀ ∅ . Float -> Float -> Float

and_ : ∀ ∅ . Bool -> Bool -> Bool

div : ∀ ∅ . Float -> Float -> Float

eq : ∀ a . a -> a -> Bool

ge : ∀ ∅ . Float -> Float -> Bool

gt : ∀ ∅ . Float -> Float -> Bool

le : ∀ ∅ . Float -> Float -> Bool

lt : ∀ ∅ . Float -> Float -> Bool

mult : ∀ ∅ . Float -> Float -> Float

ne : ∀ a . a -> a -> Bool

or_ : ∀ ∅ . Bool -> Bool -> Bool

sub : ∀ ∅ . Float -> Float -> Float


module User

new : ∀ ∅ . { id : Float }


module User.Attributes.Id

new : ∀ ∅ . Float


module User.Attributes


