---
source: src/parser.rs
assertion_line: 3043
expression: "parse(\"\\\nmodule Test exposing (main)\n\nmain : Fruit a b\n\nsignature : Fruit b\n\ntest = 5\n\")"
---
Input:

module Test exposing (main)

main : Fruit a b

signature : Fruit b

test = 5


Result:

(
    Module {
        name: ModuleName {
            parts: [
                Node {
                    start: 1,
                    end: 1,
                    value: CapitalizedIdentifier_ {
                        name: SymbolU32 {
                            value: 1,
                        },
                    },
                },
            ],
            full_name: SymbolU32 {
                value: 1,
            },
        },
        exports: [
            Node {
                start: 4,
                end: 4,
                value: Identifier(
                    Node {
                        start: 4,
                        end: 4,
                        value: Identifier_ {
                            name: SymbolU32 {
                                value: 2,
                            },
                        },
                    },
                ),
            },
        ],
        imports: [],
        definitions: [
            TypeSignature(
                TypeSignature {
                    name: Node {
                        start: 6,
                        end: 6,
                        value: Identifier_ {
                            name: SymbolU32 {
                                value: 2,
                            },
                        },
                    },
                    typ: App(
                        Node {
                            start: 8,
                            end: 10,
                            value: Constructor_ {
                                name: Node {
                                    start: 8,
                                    end: 8,
                                    value: CapitalizedIdentifier_ {
                                        name: SymbolU32 {
                                            value: 3,
                                        },
                                    },
                                },
                                params: [
                                    Var(
                                        Node {
                                            start: 9,
                                            end: 9,
                                            value: Identifier_ {
                                                name: SymbolU32 {
                                                    value: 4,
                                                },
                                            },
                                        },
                                    ),
                                    Var(
                                        Node {
                                            start: 10,
                                            end: 10,
                                            value: Identifier_ {
                                                name: SymbolU32 {
                                                    value: 5,
                                                },
                                            },
                                        },
                                    ),
                                ],
                            },
                        },
                    ),
                },
            ),
            TypeSignature(
                TypeSignature {
                    name: Node {
                        start: 11,
                        end: 11,
                        value: Identifier_ {
                            name: SymbolU32 {
                                value: 6,
                            },
                        },
                    },
                    typ: App(
                        Node {
                            start: 13,
                            end: 14,
                            value: Constructor_ {
                                name: Node {
                                    start: 13,
                                    end: 13,
                                    value: CapitalizedIdentifier_ {
                                        name: SymbolU32 {
                                            value: 3,
                                        },
                                    },
                                },
                                params: [
                                    Var(
                                        Node {
                                            start: 14,
                                            end: 14,
                                            value: Identifier_ {
                                                name: SymbolU32 {
                                                    value: 5,
                                                },
                                            },
                                        },
                                    ),
                                ],
                            },
                        },
                    ),
                },
            ),
            Untyped(
                Pattern(
                    Node {
                        start: 15,
                        end: 15,
                        value: Identifier(
                            Node {
                                start: 15,
                                end: 15,
                                value: Identifier_ {
                                    name: SymbolU32 {
                                        value: 7,
                                    },
                                },
                            },
                        ),
                    },
                    Node {
                        start: 17,
                        end: 17,
                        value: Expression_ {
                            typ: RefCell {
                                value: None,
                            },
                            expr: Float(
                                5.0,
                            ),
                        },
                    },
                ),
            ),
        ],
        type_definitions: [],
    },
    [],
)
