---
source: src/parser.rs
assertion_line: 2561
expression: "parse(\". b\")"
---
Input:

. b

Result:

Test.alma:1:0

A property access must have the dot and identifier together, like this `.name`

  1│  . b
   │  ↑

Error {
    kind: InvalidPropertyAccessLambdaWhitespace,
    token: Token {
        kind: Dot,
        indent: 0,
        start: 0,
        end: 1,
        line: 1,
        column: 0,
    },
}
