---
source: src/infer.rs
assertion_line: 2332
expression: "infer(\"{ age = 1, age = 1 }\")"
---
Input:

{ age = 1, age = 1 }

---
Output:

[3:18]

Duplicate field `age`

  1│  module Test exposing (test)
  2│  
  3│  test = { age = 1, age = 1 }
   │                    ↑↑↑

in record

  1│  module Test exposing (test)
  2│  
  3│  test = { age = 1, age = 1 }

