---
source: src/infer.rs
assertion_line: 3054
expression: "infer(\"\\\nmodule Test exposing (main)\n\nalias List a = { x : a }\n\nmain : List Float\nmain = { x : 1 }\n\")"
---
Input:

module Test exposing (main)

alias List a = { x : a }

main : List Float
main = { x : 1 }


---
Output:

module Alma



False : ∀ ∅ . Bool

True : ∀ ∅ . Bool



add : ∀ ∅ . Float -> Float -> Float

and_ : ∀ ∅ . Bool -> Bool -> Bool

div : ∀ ∅ . Float -> Float -> Float

eq : ∀ a . a -> a -> Bool

ge : ∀ ∅ . Float -> Float -> Bool

gt : ∀ ∅ . Float -> Float -> Bool

le : ∀ ∅ . Float -> Float -> Bool

lt : ∀ ∅ . Float -> Float -> Bool

mult : ∀ ∅ . Float -> Float -> Float

ne : ∀ a . a -> a -> Bool

or_ : ∀ ∅ . Bool -> Bool -> Bool

sub : ∀ ∅ . Float -> Float -> Float


module Test

main : ∀ ∅ . List Float (alias of { x : Float })
