---
source: src/parser.rs
assertion_line: 2725
expression: "parse(\"variableOne\")"
---
Input:

variableOne

Result:

Identifier variableOne 0:11 0:11
