---
source: src/parser.rs
assertion_line: 2411
expression: "parse(\".b\")"
---
Input:

.b

Result:

Node {
    start: Index(
        0,
    ),
    end: Index(
        1,
    ),
    value: Expression_ {
        typ: RefCell {
            value: None,
        },
        expr: PropertyAccessLambda {
            property: Node {
                start: Index(
                    1,
                ),
                end: Index(
                    1,
                ),
                value: Identifier_ {
                    name: SymbolU32 {
                        value: 1,
                    },
                },
            },
        },
    },
}
