---
source: src/parser.rs
expression: "parse(\"a.b\")"

---
Input:

a.b

Result:

Node {
    start: 0,
    end: 3,
    line: 1,
    column: 0,
    value: Expression_ {
        typ: RefCell {
            value: None,
        },
        expr: PropAccess(
            Node {
                start: 0,
                end: 1,
                line: 1,
                column: 0,
                value: Expression_ {
                    typ: RefCell {
                        value: None,
                    },
                    expr: Identifier(
                        Node {
                            start: 0,
                            end: 1,
                            line: 1,
                            column: 0,
                            value: Identifier_ {
                                name: "a",
                                case: Camel,
                            },
                        },
                    ),
                },
            },
            Node {
                start: 2,
                end: 3,
                line: 1,
                column: 2,
                value: Identifier_ {
                    name: "b",
                    case: Camel,
                },
            },
        ),
    },
}
