---
source: src/parser.rs
assertion_line: 2358
expression: "parse(\"{}\")"
---
Input:

{}

Result:

Node {
    start: Index(
        0,
    ),
    end: Index(
        1,
    ),
    value: Expression_ {
        typ: RefCell {
            value: None,
        },
        expr: Record(
            [],
        ),
    },
}
