---
source: src/parser.rs
assertion_line: 2225
expression: "parse(\"\\\\a -> a\")"
---
Input:

\a -> a

Result:

Node {
    start: Idx(
        0,
    ),
    end: Idx(
        3,
    ),
    value: Expression_ {
        typ: RefCell {
            value: None,
        },
        expr: Lambda(
            Lambda {
                parameters: [
                    Node {
                        start: Idx(
                            1,
                        ),
                        end: Idx(
                            1,
                        ),
                        value: Identifier(
                            Node {
                                start: Idx(
                                    1,
                                ),
                                end: Idx(
                                    1,
                                ),
                                value: Identifier_ {
                                    name: SymbolU32 {
                                        value: 1,
                                    },
                                },
                            },
                        ),
                    },
                ],
                body: Node {
                    start: Idx(
                        3,
                    ),
                    end: Idx(
                        3,
                    ),
                    value: Expression_ {
                        typ: RefCell {
                            value: None,
                        },
                        expr: Identifier(
                            None,
                            Identifier(
                                Node {
                                    start: Idx(
                                        3,
                                    ),
                                    end: Idx(
                                        3,
                                    ),
                                    value: Identifier_ {
                                        name: SymbolU32 {
                                            value: 1,
                                        },
                                    },
                                },
                            ),
                        ),
                    },
                },
            },
        ),
    },
}
