---
source: src/tokenizer.rs
assertion_line: 427
expression: "tokenize(\"\")"
---
Ok(
    {
        Index(
            0,
        ): Token {
            kind: Eof,
            indent: 0,
            start: 0,
            end: 0,
            line: 1,
            column: 0,
        },
    },
)
